START check_post155_riesz_pointwise_sign
END check_post155_riesz_pointwise_sign PASS
START check_post204_pair_d_exact_geometry
END check_post204_pair_d_exact_geometry PASS
START check_post204_pair_d_scope
END check_post204_pair_d_scope PASS
START check_ccm_weil_bridge
END check_ccm_weil_bridge FAIL_OR_MISSING_INPUT
START check_diagonal_shift
END check_diagonal_shift TIMEOUT
START check_finite_dictionary_reference
END check_finite_dictionary_reference PASS
START check_post150_selected_residual_scope
END check_post150_selected_residual_scope ENVIRONMENT_BLOCKED
START check_post163_endpoint_scalar_scope
END check_post163_endpoint_scalar_scope ENVIRONMENT_BLOCKED
START check_post165_fb05_shifted_state_arb_scope
END check_post165_fb05_shifted_state_arb_scope ENVIRONMENT_BLOCKED
START check_post165_fb05_shifted_state_scope
END check_post165_fb05_shifted_state_scope ENVIRONMENT_BLOCKED
START check_post166_fb05_cell_barrier_scope
END check_post166_fb05_cell_barrier_scope ENVIRONMENT_BLOCKED
START check_post167_fb05_threshold_jet_scope
END check_post167_fb05_threshold_jet_scope ENVIRONMENT_BLOCKED
START check_post169_fb05_schur_visibility_scope
END check_post169_fb05_schur_visibility_scope ENVIRONMENT_BLOCKED
START check_post171_fb05_schur_barrier_scope
END check_post171_fb05_schur_barrier_scope ENVIRONMENT_BLOCKED
START check_post173_fb05_q13_scalar_barrier_scope
END check_post173_fb05_q13_scalar_barrier_scope ENVIRONMENT_BLOCKED
START check_post175_fb05_q13_fixed_unit_enclosure_scope
END check_post175_fb05_q13_fixed_unit_enclosure_scope ENVIRONMENT_BLOCKED
START check_post177_fb05_q13_fixed_unit_derivative_scope
END check_post177_fb05_q13_fixed_unit_derivative_scope ENVIRONMENT_BLOCKED
START check_post179_fb05_q13_correlation_preserving_derivative_scope
END check_post179_fb05_q13_correlation_preserving_derivative_scope ENVIRONMENT_BLOCKED
START check_post185_fb05_q13_remainder_drift_scope
END check_post185_fb05_q13_remainder_drift_scope ENVIRONMENT_BLOCKED
START check_post187_fb05_q14_mixed_drift_selector_scope
END check_post187_fb05_q14_mixed_drift_selector_scope ENVIRONMENT_BLOCKED
START check_post188_fb05_q14_mixed_drift_selector_independence_scope
END check_post188_fb05_q14_mixed_drift_selector_independence_scope PASS
START check_post189_fb05_joint_selector_separability_scope
END check_post189_fb05_joint_selector_separability_scope PASS
START check_post190_fb05_canonical_realizability_scope
END check_post190_fb05_canonical_realizability_scope ENVIRONMENT_BLOCKED
START check_post192_fb05_q14_parity_trajectory_rigidity_scope
END check_post192_fb05_q14_parity_trajectory_rigidity_scope ENVIRONMENT_BLOCKED
START check_post194_fb05_q14_fixed_unit_second_derivative_scope
END check_post194_fb05_q14_fixed_unit_second_derivative_scope ENVIRONMENT_BLOCKED
START check_post194_fb05_q14_parity_trajectory_sharp_enclosure_scope
END check_post194_fb05_q14_parity_trajectory_sharp_enclosure_scope ENVIRONMENT_BLOCKED
START check_post196_fb05_q14_residual_cell_replay_scope
END check_post196_fb05_q14_residual_cell_replay_scope ENVIRONMENT_BLOCKED
START check_post198_fb05_q14_four_way_channel_second_derivative_scope
END check_post198_fb05_q14_four_way_channel_second_derivative_scope ENVIRONMENT_BLOCKED
START check_post198_fb05_q14_parity_source_mechanism_scope
END check_post198_fb05_q14_parity_source_mechanism_scope ENVIRONMENT_BLOCKED
START check_post200_fb05_q14_discrepancy_channel_jets_scope
END check_post200_fb05_q14_discrepancy_channel_jets_scope ENVIRONMENT_BLOCKED
START check_post200_fb05_q14_discrepancy_mechanism_scope
END check_post200_fb05_q14_discrepancy_mechanism_scope ENVIRONMENT_BLOCKED
START check_post202_fb05_q14_composite_parity_gap_scope
END check_post202_fb05_q14_composite_parity_gap_scope ENVIRONMENT_BLOCKED
START check_post202_fb05_q14_parity_contrast_jets_scope
END check_post202_fb05_q14_parity_contrast_jets_scope ENVIRONMENT_BLOCKED
START check_post214_fb05_kernel_dual_geometry_independent
END check_post214_fb05_kernel_dual_geometry_independent ENVIRONMENT_BLOCKED
START check_post214_fb05_kernel_dual_geometry_scope
END check_post214_fb05_kernel_dual_geometry_scope PASS
START check_post222_fb05_biregular_zero_shift_scalar_independent
END check_post222_fb05_biregular_zero_shift_scalar_independent ENVIRONMENT_BLOCKED
START check_post222_fb05_biregular_zero_shift_scalar_scope
END check_post222_fb05_biregular_zero_shift_scalar_scope PASS
START check_post247_global_bottom_scout_results
END check_post247_global_bottom_scout_results ENVIRONMENT_BLOCKED
START check_post247_global_bottom_scout_scope
END check_post247_global_bottom_scout_scope PASS
START check_post247_remainder_budget_ratio_results
END check_post247_remainder_budget_ratio_results ENVIRONMENT_BLOCKED
START check_post247_remainder_budget_ratio_scope
END check_post247_remainder_budget_ratio_scope ENVIRONMENT_BLOCKED
START check_source_normalization_firewall
END check_source_normalization_firewall PASS
START check_normalization_shift_invariants
END check_normalization_shift_invariants PASS
START r004_exact_displacement
END r004_exact_displacement PASS
COMPLETE
