$ /opt/pyvenv/bin/python research/RHRC/tools/run_suite.py
+ /opt/pyvenv/bin/python /mnt/data/rh_audit/snapshot/zeta-23-lean-main/research/RHRC/tools/claim_lint.py
RHRC CLAIM LINT: PASS
+ /opt/pyvenv/bin/python /mnt/data/rh_audit/snapshot/zeta-23-lean-main/research/RHRC/tools/registry_lint.py
RHRC REGISTRY LINT: PASS
+ /opt/pyvenv/bin/python /mnt/data/rh_audit/snapshot/zeta-23-lean-main/research/RHRC/tools/promoted_binding_lint.py
promoted_binding_lint: PASS (59 PROVED_UNCONDITIONAL R003 bindings)
+ /opt/pyvenv/bin/python /mnt/data/rh_audit/snapshot/zeta-23-lean-main/research/RHRC/tools/registered_theorem_binding_lint.py
registered_theorem_binding_lint: PASS (78 proved bindings; 3 OPEN claims intentionally unbound)
+ /opt/pyvenv/bin/python /mnt/data/rh_audit/snapshot/zeta-23-lean-main/research/RHRC/tools/lean_imports.py
RHRC LEAN IMPORT PARSER: PASS
+ /opt/pyvenv/bin/python /mnt/data/rh_audit/snapshot/zeta-23-lean-main/research/RHRC/tools/arithmetic_firewall_lint.py
RHRC ARITHMETIC FIREWALL: PASS (4 terminal modules fenced; 1 arithmetic modules checked)
+ /opt/pyvenv/bin/python /mnt/data/rh_audit/snapshot/zeta-23-lean-main/research/RHRC/tools/million_dollar_firewall_lint.py
PR247 MILLION DOLLAR FIREWALL: PASS (18 active CCM modules; 2 active terminal modules; 3 audit-only modules)
+ /opt/pyvenv/bin/python -m unittest discover -s /mnt/data/rh_audit/snapshot/zeta-23-lean-main/research/RHRC/graph/tests -p test_*.py -v
test_any_is_union_traversal_and_root_is_excluded (test_dependency_projections.DependencyProjectionTests.test_any_is_union_traversal_and_root_is_excluded) ... ok
test_non_theorem_value_edge_survives_erasure (test_dependency_projections.DependencyProjectionTests.test_non_theorem_value_edge_survives_erasure) ... ok
test_pair_relation_classification_is_neutral (test_dependency_projections.DependencyProjectionTests.test_pair_relation_classification_is_neutral) ... ok
test_theorem_type_plus_value_edge_survives_erasure (test_dependency_projections.DependencyProjectionTests.test_theorem_type_plus_value_edge_survives_erasure) ... ok
test_theorem_value_erasure_keeps_types_and_definition_bodies (test_dependency_projections.DependencyProjectionTests.test_theorem_value_erasure_keeps_types_and_definition_bodies) ... ok
test_type_and_value_projections_are_homogeneous_controls (test_dependency_projections.DependencyProjectionTests.test_type_and_value_projections_are_homogeneous_controls) ... ok
test_unknown_projection_fails_closed (test_dependency_projections.DependencyProjectionTests.test_unknown_projection_fails_closed) ... ok
test_overlap_shells_and_containment_are_exact (test_dependency_views.DependencyViewTests.test_overlap_shells_and_containment_are_exact) ... ok
test_phase2d_atoms_preserve_root_excluding_semantics (test_dependency_views.DependencyViewTests.test_phase2d_atoms_preserve_root_excluding_semantics) ... ok
test_phase2d_frontier_direction_and_registered_root_filter (test_dependency_views.DependencyViewTests.test_phase2d_frontier_direction_and_registered_root_filter) ... ok
test_phase2d_rejects_root_including_closure (test_dependency_views.DependencyViewTests.test_phase2d_rejects_root_including_closure) ... ok
test_route_and_explicit_cohorts_resolve_fail_closed (test_dependency_views.DependencyViewTests.test_route_and_explicit_cohorts_resolve_fail_closed) ... ok
test_signature_classes_detect_equal_and_strict_containment (test_dependency_views.DependencyViewTests.test_signature_classes_detect_equal_and_strict_containment) ... ok
test_batched_channel_protocol_preserves_channel_union (test_lean_dependency_extract.LeanDependencyExtractTests.test_batched_channel_protocol_preserves_channel_union) ... ok
test_channel_sightings_collapse_to_one_dependency (test_lean_dependency_extract.LeanDependencyExtractTests.test_channel_sightings_collapse_to_one_dependency) ... ok
test_expression_self_dependency_is_preserved (test_lean_dependency_extract.LeanDependencyExtractTests.test_expression_self_dependency_is_preserved) ... ok
test_external_constant_is_boundary_only (test_lean_dependency_extract.LeanDependencyExtractTests.test_external_constant_is_boundary_only) ... ok
test_private_internal_flag_is_fail_closed (test_lean_dependency_extract.LeanDependencyExtractTests.test_private_internal_flag_is_fail_closed) ... ok
test_exact_token_mentions_do_not_substring_match (test_semantic_closure.SemanticClosureTests.test_exact_token_mentions_do_not_substring_match) ... ok
test_named_source_surface_is_discovery_only (test_semantic_closure.SemanticClosureTests.test_named_source_surface_is_discovery_only) ... ok

----------------------------------------------------------------------
Ran 20 tests in 0.003s

OK
+ /opt/pyvenv/bin/python /mnt/data/rh_audit/snapshot/zeta-23-lean-main/research/RHRC/graph/build.py --check
RHKG BUILD CHECK: PASS (22 products byte-current)
+ /opt/pyvenv/bin/python /mnt/data/rh_audit/snapshot/zeta-23-lean-main/research/RHRC/graph/validate.py
RHKG VALIDATION: PASS (1207 files; 638 local Lean modules; 796 external module nodes; 8335 named source declarations; 66 document nodes; 78 registered roots; 3153 local dependencies; 4463 external boundaries; 81 claim mirrors; 4 route mirrors; 296976 relations; terminal claim RH_OPEN)
+ /opt/pyvenv/bin/python -m unittest discover -s /mnt/data/rh_audit/snapshot/zeta-23-lean-main/research/RHRC/ffbbp/tests -p test_*.py -v
test_certificate_shrink (test_contracts.FFBBPImplementationClosureTests.test_certificate_shrink) ... ok
test_knockoff_cannot_be_generated_from_confirm (test_contracts.FFBBPImplementationClosureTests.test_knockoff_cannot_be_generated_from_confirm) ... ok
test_masked_distance_renormalizes_and_gates_overlap (test_contracts.FFBBPImplementationClosureTests.test_masked_distance_renormalizes_and_gates_overlap) ... ok
test_partition_build_is_train_union_select (test_contracts.FFBBPImplementationClosureTests.test_partition_build_is_train_union_select) ... ok
test_partition_overlap_rejected (test_contracts.FFBBPImplementationClosureTests.test_partition_overlap_rejected) ... ok
test_qualification_pair_is_explicit (test_contracts.FFBBPImplementationClosureTests.test_qualification_pair_is_explicit) ... ok
test_reference_refit_semantics (test_contracts.FFBBPImplementationClosureTests.test_reference_refit_semantics) ... ok
test_run42b_lift_and_weight (test_contracts.FFBBPImplementationClosureTests.test_run42b_lift_and_weight) ... ok
test_run_phase_and_fidelity_are_orthogonal (test_contracts.FFBBPImplementationClosureTests.test_run_phase_and_fidelity_are_orthogonal) ... ok
test_live_snapshot_produces_expected_ffbbp_separation (test_rhkg_assurance.FFBBPRHKGAssuranceTests.test_live_snapshot_produces_expected_ffbbp_separation) ... ok
test_mixed_fiber_fails_snapshot_decision_sufficiency (test_rhkg_assurance.FFBBPRHKGAssuranceTests.test_mixed_fiber_fails_snapshot_decision_sufficiency) ... ok
test_retaining_decision_field_passes (test_rhkg_assurance.FFBBPRHKGAssuranceTests.test_retaining_decision_field_passes) ... ok
test_best_null_gate_fails_closed (test_rhrc.RHRCTests.test_best_null_gate_fails_closed) ... ok
test_candidate_aligned_ablation (test_rhrc.RHRCTests.test_candidate_aligned_ablation) ... ok
test_claim_registry (test_rhrc.RHRCTests.test_claim_registry) ... ok
test_commutation (test_rhrc.RHRCTests.test_commutation) ... ok
test_ffbbp_reference_is_run42c_closed (test_rhrc.RHRCTests.test_ffbbp_reference_is_run42c_closed) ... ok
test_full_gauntlet_fixture_ids (test_rhrc.RHRCTests.test_full_gauntlet_fixture_ids) ... ok
test_intervention_enforces_hold_fixed (test_rhrc.RHRCTests.test_intervention_enforces_hold_fixed) ... ok
test_new_channel_can_change_information (test_rhrc.RHRCTests.test_new_channel_can_change_information) ... ok
test_run38_null_regression_remains_clean (test_rhrc.RHRCTests.test_run38_null_regression_remains_clean) ... ok
test_run42b_is_quarantined_as_development_lineage (test_rhrc.RHRCTests.test_run42b_is_quarantined_as_development_lineage) ... ok
test_run42c_frozen_split_shape (test_rhrc.RHRCTests.test_run42c_frozen_split_shape) ... ok
test_run42c_profile_is_exactly_bound (test_rhrc.RHRCTests.test_run42c_profile_is_exactly_bound) ... ok
test_source_target_firewall (test_rhrc.RHRCTests.test_source_target_firewall) ... ok
test_tightmult_sanity (test_rhrc.RHRCTests.test_tightmult_sanity) ... ok
test_transfer_fails_closed_on_missing_relock (test_rhrc.RHRCTests.test_transfer_fails_closed_on_missing_relock) ... ok
test_unknown_field_admission_is_two_sided (test_rhrc.RHRCTests.test_unknown_field_admission_is_two_sided) ... ok
test_decision_gate_requires_decision_commutation (test_v16_assurance.FFBBPV16AssuranceTests.test_decision_gate_requires_decision_commutation) ... ok
test_decision_gate_requires_snapshot_sufficiency (test_v16_assurance.FFBBPV16AssuranceTests.test_decision_gate_requires_snapshot_sufficiency) ... ok
test_diagnostic_close_can_still_flip_decision (test_v16_assurance.FFBBPV16AssuranceTests.test_diagnostic_close_can_still_flip_decision) ... ok
test_outside_trust_region_fails_closed (test_v16_assurance.FFBBPV16AssuranceTests.test_outside_trust_region_fails_closed) ... ok
test_overlay_does_not_inherit_run42c_qualification (test_v16_assurance.FFBBPV16AssuranceTests.test_overlay_does_not_inherit_run42c_qualification) ... ok
test_small_local_residual_is_not_horizon_certificate (test_v16_assurance.FFBBPV16AssuranceTests.test_small_local_residual_is_not_horizon_certificate) ... ok
test_snapshot_contract_matches_v16_typed_surface (test_v16_assurance.FFBBPV16AssuranceTests.test_snapshot_contract_matches_v16_typed_surface) ... ok
test_stateful_reduction_requires_transition_closure (test_v16_assurance.FFBBPV16AssuranceTests.test_stateful_reduction_requires_transition_closure) ... ok
test_witness_requires_masking_clearance (test_v16_assurance.FFBBPV16AssuranceTests.test_witness_requires_masking_clearance) ... ok

----------------------------------------------------------------------
Ran 37 tests in 0.133s

OK
+ /opt/pyvenv/bin/python /mnt/data/rh_audit/snapshot/zeta-23-lean-main/research/RHRC/ffbbp/rhkg_assurance.py --check
FFBBP RHKG ASSURANCE: PASS
+ /opt/pyvenv/bin/python -m unittest discover -s /mnt/data/rh_audit/snapshot/zeta-23-lean-main/research/RHRC/ool/tests -p test_*.py -v
test_absence_requires_complete_domain (test_ool_runtime.OoL276RuntimeTests.test_absence_requires_complete_domain) ... ok
test_architecture_overlay_promotes_full_route_experiment (test_ool_runtime.OoL276RuntimeTests.test_architecture_overlay_promotes_full_route_experiment) ... ok
test_binding_mismatch_is_invalid (test_ool_runtime.OoL276RuntimeTests.test_binding_mismatch_is_invalid) ... ok
test_boundary_declares_ool_2_7_6_semantics (test_ool_runtime.OoL276RuntimeTests.test_boundary_declares_ool_2_7_6_semantics) ... ok
test_confirmatory_route_change_requires_new_digest (test_ool_runtime.OoL276RuntimeTests.test_confirmatory_route_change_requires_new_digest) ... ok
test_discovery_is_not_fake_confirmatory (test_ool_runtime.OoL276RuntimeTests.test_discovery_is_not_fake_confirmatory) ... ok
test_integrated_route_freeze_requires_actual_output_and_lineage (test_ool_runtime.OoL276RuntimeTests.test_integrated_route_freeze_requires_actual_output_and_lineage) ... ok
test_missing_raw_evidence_is_na (test_ool_runtime.OoL276RuntimeTests.test_missing_raw_evidence_is_na) ... ok
test_na_certificate_is_incomplete (test_ool_runtime.OoL276RuntimeTests.test_na_certificate_is_incomplete) ... ok
test_open_world_quantifiers (test_ool_runtime.OoL276RuntimeTests.test_open_world_quantifiers) ... ok
test_reference_is_exact_v2_7_6_release (test_ool_runtime.OoL276RuntimeTests.test_reference_is_exact_v2_7_6_release) ... ok
test_route_registry_stays_discovery_until_real_freeze (test_ool_runtime.OoL276RuntimeTests.test_route_registry_stays_discovery_until_real_freeze) ... ok
test_strong_kleene_core (test_ool_runtime.OoL276RuntimeTests.test_strong_kleene_core) ... ok
test_unconditional_provenance_is_positive_closure (test_ool_runtime.OoL276RuntimeTests.test_unconditional_provenance_is_positive_closure) ... ok
test_valid_fail_certificate_is_allowed (test_ool_runtime.OoL276RuntimeTests.test_valid_fail_certificate_is_allowed) ... ok
test_cross_interface_contact_is_discovery_only_class (test_rhkg_phase_atlas.RHKGPhaseAtlasTests.test_cross_interface_contact_is_discovery_only_class) ... ok
test_frontier_contact_has_explicit_precedence (test_rhkg_phase_atlas.RHKGPhaseAtlasTests.test_frontier_contact_has_explicit_precedence) ... ok
test_module_identity_cannot_create_contact (test_rhkg_phase_atlas.RHKGPhaseAtlasTests.test_module_identity_cannot_create_contact) ... ok
test_non_theorem_value_support_is_preserved (test_rhkg_phase_atlas.RHKGPhaseAtlasTests.test_non_theorem_value_support_is_preserved) ... ok
test_shared_kernel_is_not_distinctive_cross_interface_signal (test_rhkg_phase_atlas.RHKGPhaseAtlasTests.test_shared_kernel_is_not_distinctive_cross_interface_signal) ... ok
test_theorem_value_erasure_drops_theorem_proof_body_edges (test_rhkg_phase_atlas.RHKGPhaseAtlasTests.test_theorem_value_erasure_drops_theorem_proof_body_edges) ... ok

----------------------------------------------------------------------
Ran 21 tests in 0.001s

OK
+ /opt/pyvenv/bin/python /mnt/data/rh_audit/snapshot/zeta-23-lean-main/research/RHRC/ool/rhkg_phase_atlas.py --check
rhkg_phase_atlas: PASS (680 candidates; frontier_contacts=495)
+ /opt/pyvenv/bin/python -m unittest discover -s /mnt/data/rh_audit/snapshot/zeta-23-lean-main/research/RHRC/runner/tests -p test_*.py -v
test_invalid_receipt_blocks (test_terminal_answer.TerminalAnswerTests.test_invalid_receipt_blocks) ... ok
test_only_unconditional_closed_chain_prints_true (test_terminal_answer.TerminalAnswerTests.test_only_unconditional_closed_chain_prints_true) ... ok
test_open_even_with_valid_diagnostic (test_terminal_answer.TerminalAnswerTests.test_open_even_with_valid_diagnostic) ... ok

----------------------------------------------------------------------
Ran 3 tests in 0.003s

OK
+ /opt/pyvenv/bin/python -m unittest discover -s /mnt/data/rh_audit/snapshot/zeta-23-lean-main/research/RHRC/control_v2/tests -p test_*.py -v
test_ffbbp_snapshot_preserves_qualification_boundary (test_adapters.AdapterTests.test_ffbbp_snapshot_preserves_qualification_boundary) ... ok
test_ool_snapshot_reads_existing_route_registry (test_adapters.AdapterTests.test_ool_snapshot_reads_existing_route_registry) ... ok
test_completed_actions_are_not_routable_and_arithmetic_actions_are_present (test_control.ControlV2Tests.test_completed_actions_are_not_routable_and_arithmetic_actions_are_present) ... ok
test_control_note_preserves_history_and_records_current_theorem_state (test_control.ControlV2Tests.test_control_note_preserves_history_and_records_current_theorem_state) ... ok
test_control_state_tracks_latest_theorem_anchor_without_moving_control_anchor (test_control.ControlV2Tests.test_control_state_tracks_latest_theorem_anchor_without_moving_control_anchor) ... ok
test_fb05_incompatibility_program_is_same_state_and_claim_capped (test_control.ControlV2Tests.test_fb05_incompatibility_program_is_same_state_and_claim_capped) ... ok
test_incomplete_retro_receipt_fails_closed (test_control.ControlV2Tests.test_incomplete_retro_receipt_fails_closed) ... ok
test_missing_retro_receipts_fail_closed (test_control.ControlV2Tests.test_missing_retro_receipts_fail_closed) ... ok
test_regular_schur_action_is_post184_remainder_incompatibility_route (test_control.ControlV2Tests.test_regular_schur_action_is_post184_remainder_incompatibility_route) ... ok
test_regular_schur_action_outranks_fallbacks (test_control.ControlV2Tests.test_regular_schur_action_outranks_fallbacks) ... ok
test_router_is_deterministic_non_authoritative_and_transparent (test_control.ControlV2Tests.test_router_is_deterministic_non_authoritative_and_transparent) ... ok
test_score_inputs_are_finite (test_control.ControlV2Tests.test_score_inputs_are_finite) ... ok
test_shared_retro_concept_is_searched_once_per_run (test_control.ControlV2Tests.test_shared_retro_concept_is_searched_once_per_run) ... ok
test_terminal_answer_does_not_import_control_v2 (test_control.ControlV2Tests.test_terminal_answer_does_not_import_control_v2) ... ok
test_universal_domination_remains_routable_but_is_not_selected (test_control.ControlV2Tests.test_universal_domination_remains_routable_but_is_not_selected) ... ok
test_control_semantics_remain_frozen (test_current_state_surfaces.CurrentStateSurfaceTests.test_control_semantics_remain_frozen) ... ok
test_every_living_surface_frontloads_machine_state (test_current_state_surfaces.CurrentStateSurfaceTests.test_every_living_surface_frontloads_machine_state) ... ok
test_machine_state_is_merged_post247 (test_current_state_surfaces.CurrentStateSurfaceTests.test_machine_state_is_merged_post247) ... ok
test_commutation_that_agrees_on_unresolved_does_not_authorize_prune (test_deformation_budget.DeformationBudgetTests.test_commutation_that_agrees_on_unresolved_does_not_authorize_prune) ... ok
test_crossing_bounds_must_be_contiguous (test_deformation_budget.DeformationBudgetTests.test_crossing_bounds_must_be_contiguous) ... ok
test_diagnostic_drop_is_nonnegative (test_deformation_budget.DeformationBudgetTests.test_diagnostic_drop_is_nonnegative) ... ok
test_direct_malformed_step_value_is_rejected (test_deformation_budget.DeformationBudgetTests.test_direct_malformed_step_value_is_rejected) ... ok
test_earliest_name_is_semantically_one_sided (test_deformation_budget.DeformationBudgetTests.test_earliest_name_is_semantically_one_sided) ... ok
test_failed_decision_commutation_fails_closed (test_deformation_budget.DeformationBudgetTests.test_failed_decision_commutation_fails_closed) ... ok
test_gap_bound_requires_positive_gap (test_deformation_budget.DeformationBudgetTests.test_gap_bound_requires_positive_gap) ... ok
test_horizon_target_metric_must_match_budget (test_deformation_budget.DeformationBudgetTests.test_horizon_target_metric_must_match_budget) ... ok
test_no_tail_bound_means_no_prune (test_deformation_budget.DeformationBudgetTests.test_no_tail_bound_means_no_prune) ... ok
test_numeric_tail_without_horizon_certificate_does_not_prune (test_deformation_budget.DeformationBudgetTests.test_numeric_tail_without_horizon_certificate_does_not_prune) ... ok
test_passed_prune_decision_commutation_allows_prune (test_deformation_budget.DeformationBudgetTests.test_passed_prune_decision_commutation_allows_prune) ... ok
test_positive_assured_headroom_prunes (test_deformation_budget.DeformationBudgetTests.test_positive_assured_headroom_prunes) ... ok
test_prefix_rejects_duplicate_or_out_of_order_steps (test_deformation_budget.DeformationBudgetTests.test_prefix_rejects_duplicate_or_out_of_order_steps) ... ok
test_prefix_requires_exact_contiguous_coverage (test_deformation_budget.DeformationBudgetTests.test_prefix_requires_exact_contiguous_coverage) ... ok
test_required_decision_commutation_missing_fails_closed (test_deformation_budget.DeformationBudgetTests.test_required_decision_commutation_missing_fails_closed) ... ok
test_zero_future_deformation_after_negative_floor_does_not_prune (test_deformation_budget.DeformationBudgetTests.test_zero_future_deformation_after_negative_floor_does_not_prune) ... ok
test_control_note_records_post186_mixed_research_without_promotion (test_post186_sync.Post186SyncTests.test_control_note_records_post186_mixed_research_without_promotion) ... ok
test_control_state_preserves_historical_184_and_control_anchor (test_post186_sync.Post186SyncTests.test_control_state_preserves_historical_184_and_control_anchor) ... ok
test_living_docs_advance_research_anchor_to_186 (test_post186_sync.Post186SyncTests.test_living_docs_advance_research_anchor_to_186) ... ok
test_post186_delta_has_required_post_green_sections (test_post186_sync.Post186SyncTests.test_post186_delta_has_required_post_green_sections) ... ok
test_action_registry_keeps_ids_scores_and_reroutes_first_break (test_post190_sync.Post190SyncTests.test_action_registry_keeps_ids_scores_and_reroutes_first_break) ... ok
test_authority_split_preserves_post190_history (test_post190_sync.Post190SyncTests.test_authority_split_preserves_post190_history) ... ok
test_current_plan_consumes_frozen_selector_composition (test_post190_sync.Post190SyncTests.test_current_plan_consumes_frozen_selector_composition) ... ok
test_living_docs_advance_to_post190_realizability_frontier (test_post190_sync.Post190SyncTests.test_living_docs_advance_to_post190_realizability_frontier) ... ok
test_post190_delta_has_required_post_green_sections (test_post190_sync.Post190SyncTests.test_post190_delta_has_required_post_green_sections) ... ok
test_post190_obstruction_closes_ambient_selector_sufficiency_only (test_post190_sync.Post190SyncTests.test_post190_obstruction_closes_ambient_selector_sufficiency_only) ... ok
test_retro_aliases_include_post190_vocabulary_without_generic_noise (test_post190_sync.Post190SyncTests.test_retro_aliases_include_post190_vocabulary_without_generic_noise) ... ok
test_route_registry_advances_r003_without_claim_id_change_semantics (test_post190_sync.Post190SyncTests.test_route_registry_advances_r003_without_claim_id_change_semantics) ... ok
test_action_registry_ids_scores_unchanged_and_rerouted (test_post193_sync.Post193SyncTests.test_action_registry_ids_scores_unchanged_and_rerouted) ... ok
test_authority_split_preserves_post193_history (test_post193_sync.Post193SyncTests.test_authority_split_preserves_post193_history) ... ok
test_current_plan_preserves_history_and_moves_frontier (test_post193_sync.Post193SyncTests.test_current_plan_preserves_history_and_moves_frontier) ... ok
test_historical_post190_records_remain (test_post193_sync.Post193SyncTests.test_historical_post190_records_remain) ... ok
test_living_docs_advance_through_193 (test_post193_sync.Post193SyncTests.test_living_docs_advance_through_193) ... ok
test_obs055_is_narrow_representation_obstruction (test_post193_sync.Post193SyncTests.test_obs055_is_narrow_representation_obstruction) ... ok
test_post193_aliases_are_scoped (test_post193_sync.Post193SyncTests.test_post193_aliases_are_scoped) ... ok
test_post193_delta_has_required_post_green_sections (test_post193_sync.Post193SyncTests.test_post193_delta_has_required_post_green_sections) ... ok
test_r003_route_claim_ids_are_exactly_unchanged (test_post193_sync.Post193SyncTests.test_r003_route_claim_ids_are_exactly_unchanged) ... ok
test_action_registry_preserves_ids_scores_and_post195_evidence (test_post195_sync.Post195SyncTests.test_action_registry_preserves_ids_scores_and_post195_evidence) ... ok
test_authority_split_preserves_post195_history_while_current_state_advances (test_post195_sync.Post195SyncTests.test_authority_split_preserves_post195_history_while_current_state_advances) ... ok
test_claim_surfaces_remain_unpromoted (test_post195_sync.Post195SyncTests.test_claim_surfaces_remain_unpromoted) ... ok
test_current_plan_preserves_post195_partial_history (test_post195_sync.Post195SyncTests.test_current_plan_preserves_post195_partial_history) ... ok
test_living_docs_preserve_195_and_advance_beyond_it (test_post195_sync.Post195SyncTests.test_living_docs_preserve_195_and_advance_beyond_it) ... ok
test_obs055_narrows_to_obs056_historically (test_post195_sync.Post195SyncTests.test_obs055_narrows_to_obs056_historically) ... ok
test_post195_delta_has_required_post_green_sections (test_post195_sync.Post195SyncTests.test_post195_delta_has_required_post_green_sections) ... ok
test_route_registry_preserves_post195_ancestry_without_claim_id_change (test_post195_sync.Post195SyncTests.test_route_registry_preserves_post195_ancestry_without_claim_id_change) ... ok
test_validation_protocol_preserves_partial_cover_evidence_class (test_post195_sync.Post195SyncTests.test_validation_protocol_preserves_partial_cover_evidence_class) ... ok
test_authority_split_preserves_post197_history (test_post197_sync.Post197SyncTests.test_authority_split_preserves_post197_history) ... ok
test_claim_surfaces_remain_unpromoted (test_post197_sync.Post197SyncTests.test_claim_surfaces_remain_unpromoted) ... ok
test_current_plan_closes_residual_span_and_moves_to_mechanism (test_post197_sync.Post197SyncTests.test_current_plan_closes_residual_span_and_moves_to_mechanism) ... ok
test_living_docs_advance_through_197 (test_post197_sync.Post197SyncTests.test_living_docs_advance_through_197) ... ok
test_obs056_closes_and_obs057_opens (test_post197_sync.Post197SyncTests.test_obs056_closes_and_obs057_opens) ... ok
test_post197_delta_has_required_post_green_sections (test_post197_sync.Post197SyncTests.test_post197_delta_has_required_post_green_sections) ... ok
test_route_registry_preserves_machine_semantics_and_advances_note (test_post197_sync.Post197SyncTests.test_route_registry_preserves_machine_semantics_and_advances_note) ... ok
test_validation_protocol_promotes_evidence_class_not_theorem_authority (test_post197_sync.Post197SyncTests.test_validation_protocol_promotes_evidence_class_not_theorem_authority) ... ok
test_action_registry_semantics_are_unchanged (test_post199_sync.Post199SyncTests.test_action_registry_semantics_are_unchanged) ... ok
test_authority_split_preserves_post199_history (test_post199_sync.Post199SyncTests.test_authority_split_preserves_post199_history) ... ok
test_claim_surfaces_remain_unpromoted (test_post199_sync.Post199SyncTests.test_claim_surfaces_remain_unpromoted) ... ok
test_current_plan_preserves_direct_sign_and_retargets_representation (test_post199_sync.Post199SyncTests.test_current_plan_preserves_direct_sign_and_retargets_representation) ... ok
test_dr020_records_post199_representation_warning (test_post199_sync.Post199SyncTests.test_dr020_records_post199_representation_warning) ... ok
test_living_docs_advance_through_199 (test_post199_sync.Post199SyncTests.test_living_docs_advance_through_199) ... ok
test_obstruction_delta_narrows_obs057_and_opens_obs058 (test_post199_sync.Post199SyncTests.test_obstruction_delta_narrows_obs057_and_opens_obs058) ... ok
test_post199_delta_has_required_post_green_sections (test_post199_sync.Post199SyncTests.test_post199_delta_has_required_post_green_sections) ... ok
test_route_registry_preserves_machine_semantics_and_advances_note (test_post199_sync.Post199SyncTests.test_route_registry_preserves_machine_semantics_and_advances_note) ... ok
test_validation_protocol_keeps_decomposition_nonresolution_separate_from_direct_sign (test_post199_sync.Post199SyncTests.test_validation_protocol_keeps_decomposition_nonresolution_separate_from_direct_sign) ... ok
test_action_registry_semantics_are_unchanged (test_post201_sync.Post201SyncTests.test_action_registry_semantics_are_unchanged) ... ok
test_authority_split_preserves_post201_history (test_post201_sync.Post201SyncTests.test_authority_split_preserves_post201_history) ... ok
test_claim_surfaces_remain_unpromoted (test_post201_sync.Post201SyncTests.test_claim_surfaces_remain_unpromoted) ... ok
test_current_plan_consumes_discrepancy_first_lane (test_post201_sync.Post201SyncTests.test_current_plan_consumes_discrepancy_first_lane) ... ok
test_dr020_records_post201_regrouping_warning (test_post201_sync.Post201SyncTests.test_dr020_records_post201_regrouping_warning) ... ok
test_living_docs_advance_through_201 (test_post201_sync.Post201SyncTests.test_living_docs_advance_through_201) ... ok
test_obstruction_delta_narrows_obs057_and_obs058 (test_post201_sync.Post201SyncTests.test_obstruction_delta_narrows_obs057_and_obs058) ... ok
test_post201_delta_has_required_post_green_sections (test_post201_sync.Post201SyncTests.test_post201_delta_has_required_post_green_sections) ... ok
test_route_registry_preserves_machine_semantics_and_advances_note (test_post201_sync.Post201SyncTests.test_route_registry_preserves_machine_semantics_and_advances_note) ... ok
test_validation_protocol_separates_paired_nonresolution_from_direct_sign (test_post201_sync.Post201SyncTests.test_validation_protocol_separates_paired_nonresolution_from_direct_sign) ... ok
test_action_registry_semantics_are_unchanged (test_post203_sync.Post203SyncTests.test_action_registry_semantics_are_unchanged) ... ok
test_authority_split_preserves_post203_history (test_post203_sync.Post203SyncTests.test_authority_split_preserves_post203_history) ... ok
test_claim_surfaces_remain_unpromoted (test_post203_sync.Post203SyncTests.test_claim_surfaces_remain_unpromoted) ... ok
test_current_plan_consumes_pair_a_representation_engineering (test_post203_sync.Post203SyncTests.test_current_plan_consumes_pair_a_representation_engineering) ... ok
test_dead_route_delta_blocks_post_hoc_pair_a_rescue (test_post203_sync.Post203SyncTests.test_dead_route_delta_blocks_post_hoc_pair_a_rescue) ... ok
test_living_docs_advance_through_203_without_erasing_history (test_post203_sync.Post203SyncTests.test_living_docs_advance_through_203_without_erasing_history) ... ok
test_obstruction_delta_promotes_obs059_without_overclaim (test_post203_sync.Post203SyncTests.test_obstruction_delta_promotes_obs059_without_overclaim) ... ok
test_post203_delta_has_required_post_green_sections (test_post203_sync.Post203SyncTests.test_post203_delta_has_required_post_green_sections) ... ok
test_route_registry_preserves_machine_semantics_and_advances_note (test_post203_sync.Post203SyncTests.test_route_registry_preserves_machine_semantics_and_advances_note) ... ok
test_validation_protocol_records_falsification_and_rational_conversion_rule (test_post203_sync.Post203SyncTests.test_validation_protocol_records_falsification_and_rational_conversion_rule) ... ok
test_action_registry_semantics_are_unchanged (test_post205_sync.Post205SyncTests.test_action_registry_semantics_are_unchanged) ... ok
test_authority_split_preserves_research_anchor_while_theorem_state_advances (test_post205_sync.Post205SyncTests.test_authority_split_preserves_research_anchor_while_theorem_state_advances) ... ok
test_claim_surfaces_remain_unpromoted (test_post205_sync.Post205SyncTests.test_claim_surfaces_remain_unpromoted) ... ok
test_countermodel_registry_promotes_only_c1 (test_post205_sync.Post205SyncTests.test_countermodel_registry_promotes_only_c1) ... ok
test_current_plan_routes_pair_d_to_canonical_arithmetic (test_post205_sync.Post205SyncTests.test_current_plan_routes_pair_d_to_canonical_arithmetic) ... ok
test_dead_route_delta_strengthens_existing_routes_only (test_post205_sync.Post205SyncTests.test_dead_route_delta_strengthens_existing_routes_only) ... ok
test_living_docs_advance_through_205_without_erasing_history (test_post205_sync.Post205SyncTests.test_living_docs_advance_through_205_without_erasing_history) ... ok
test_obstruction_delta_narrows_obs059_without_closing_it (test_post205_sync.Post205SyncTests.test_obstruction_delta_narrows_obs059_without_closing_it) ... ok
test_post205_delta_has_required_post_green_sections (test_post205_sync.Post205SyncTests.test_post205_delta_has_required_post_green_sections) ... ok
test_route_registry_preserves_machine_semantics_and_advances_note (test_post205_sync.Post205SyncTests.test_route_registry_preserves_machine_semantics_and_advances_note) ... ok
test_207_sync_did_not_promote_claim_surfaces (test_post207_sync.Post207SyncTests.test_207_sync_did_not_promote_claim_surfaces) ... ok
test_current_state_has_advanced_but_preserves_207_history (test_post207_sync.Post207SyncTests.test_current_state_has_advanced_but_preserves_207_history) ... ok
test_historical_living_docs_still_contain_207_ancestry (test_post207_sync.Post207SyncTests.test_historical_living_docs_still_contain_207_ancestry) ... ok
test_post207_delta_remains_immutable_historical_evidence (test_post207_sync.Post207SyncTests.test_post207_delta_remains_immutable_historical_evidence) ... ok
test_post207_obstruction_delta_remains_historical (test_post207_sync.Post207SyncTests.test_post207_obstruction_delta_remains_historical) ... ok
test_209_sync_did_not_promote_claim_surfaces (test_post209_sync.Post209SyncTests.test_209_sync_did_not_promote_claim_surfaces) ... ok
test_current_state_has_advanced_but_preserves_209_history (test_post209_sync.Post209SyncTests.test_current_state_has_advanced_but_preserves_209_history) ... ok
test_historical_living_docs_still_contain_209_ancestry (test_post209_sync.Post209SyncTests.test_historical_living_docs_still_contain_209_ancestry) ... ok
test_post209_delta_remains_immutable_historical_evidence (test_post209_sync.Post209SyncTests.test_post209_delta_remains_immutable_historical_evidence) ... ok
test_post209_obstruction_delta_remains_historical (test_post209_sync.Post209SyncTests.test_post209_obstruction_delta_remains_historical) ... ok
test_action_registry_and_claim_surfaces_remain_unpromoted (test_post211_sync.Post211SyncTests.test_action_registry_and_claim_surfaces_remain_unpromoted) ... ok
test_active_route_records_211_without_erasing_209_provenance (test_post211_sync.Post211SyncTests.test_active_route_records_211_without_erasing_209_provenance) ... ok
test_current_plan_advances_to_211_frontier (test_post211_sync.Post211SyncTests.test_current_plan_advances_to_211_frontier) ... ok
test_current_state_has_advanced_but_preserves_211_history (test_post211_sync.Post211SyncTests.test_current_state_has_advanced_but_preserves_211_history) ... ok
test_post211_obstruction_delta_keeps_i_open (test_post211_sync.Post211SyncTests.test_post211_obstruction_delta_keeps_i_open) ... ok
test_post211_research_delta_has_required_post_green_sections (test_post211_sync.Post211SyncTests.test_post211_research_delta_has_required_post_green_sections) ... ok
test_active_route_records_kernel_closure_without_closing_obstruction (test_post213_sync.Post213SyncTests.test_active_route_records_kernel_closure_without_closing_obstruction) ... ok
test_claim_and_route_surfaces_remain_unpromoted (test_post213_sync.Post213SyncTests.test_claim_and_route_surfaces_remain_unpromoted) ... ok
test_current_plan_advances_to_kernel_falsification (test_post213_sync.Post213SyncTests.test_current_plan_advances_to_kernel_falsification) ... ok
test_post213_obstruction_delta_keeps_obs059i_open (test_post213_sync.Post213SyncTests.test_post213_obstruction_delta_keeps_obs059i_open) ... ok
test_post213_research_delta_has_required_post_green_sections (test_post213_sync.Post213SyncTests.test_post213_research_delta_has_required_post_green_sections) ... ok
test_three_anchor_model (test_post213_sync.Post213SyncTests.test_three_anchor_model) ... ok
test_active_route_moves_to_retained_negative_root (test_post215_sync.Post215SyncTests.test_active_route_moves_to_retained_negative_root) ... ok
test_claim_and_route_surfaces_remain_unpromoted (test_post215_sync.Post215SyncTests.test_claim_and_route_surfaces_remain_unpromoted) ... ok
test_dead_routes_are_narrow_not_pair_d_death (test_post215_sync.Post215SyncTests.test_dead_routes_are_narrow_not_pair_d_death) ... ok
test_exact_post215_geometry_is_locked (test_post215_sync.Post215SyncTests.test_exact_post215_geometry_is_locked) ... ok
test_post215_delta_has_post_green_sections_and_firewalls (test_post215_sync.Post215SyncTests.test_post215_delta_has_post_green_sections_and_firewalls) ... ok
test_three_anchor_model (test_post215_sync.Post215SyncTests.test_three_anchor_model) ... ok
test_control_semantics_and_claim_surface_remain_frozen (test_post221_sync.Post221SyncTests.test_control_semantics_and_claim_surface_remain_frozen) ... ok
test_post221_delta_has_required_post_green_sections (test_post221_sync.Post221SyncTests.test_post221_delta_has_required_post_green_sections) ... ok
test_post221_history_survives_later_theorem_promotion (test_post221_sync.Post221SyncTests.test_post221_history_survives_later_theorem_promotion) ... ok
test_post221_obstruction_delta_keeps_obs059i_open (test_post221_sync.Post221SyncTests.test_post221_obstruction_delta_keeps_obs059i_open) ... ok
test_route_is_branch_classified_not_closed (test_post221_sync.Post221SyncTests.test_route_is_branch_classified_not_closed) ... ok
test_biregular_route_is_scalarized_not_closed (test_post222_sync.Post222SyncTests.test_biregular_route_is_scalarized_not_closed) ... ok
test_control_semantics_and_claim_surface_remain_frozen (test_post222_sync.Post222SyncTests.test_control_semantics_and_claim_surface_remain_frozen) ... ok
test_post222_delta_has_required_post_green_sections (test_post222_sync.Post222SyncTests.test_post222_delta_has_required_post_green_sections) ... ok
test_post222_exact_history_is_preserved_after_later_promotion (test_post222_sync.Post222SyncTests.test_post222_exact_history_is_preserved_after_later_promotion) ... ok
test_post222_obstruction_delta_keeps_obs059i_open (test_post222_sync.Post222SyncTests.test_post222_obstruction_delta_keeps_obs059i_open) ... ok
test_post223_did_not_promote_theorem_or_close_route (test_post223_sync.Post223SyncTests.test_post223_did_not_promote_theorem_or_close_route) ... ok
test_post223_research_evidence_is_frozen (test_post223_sync.Post223SyncTests.test_post223_research_evidence_is_frozen) ... ok
test_old_route_snapshots_remain_explicitly_historical (test_post224_sync.Post224HistoricalSyncTests.test_old_route_snapshots_remain_explicitly_historical) ... ok
test_post224_delta_documents_remain_frozen_history (test_post224_sync.Post224HistoricalSyncTests.test_post224_delta_documents_remain_frozen_history) ... ok
test_post224_is_preserved_as_historical_theorem_provenance (test_post224_sync.Post224HistoricalSyncTests.test_post224_is_preserved_as_historical_theorem_provenance) ... ok
test_post224_open_targets_are_closed_only_by_later_theorems (test_post224_sync.Post224HistoricalSyncTests.test_post224_open_targets_are_closed_only_by_later_theorems) ... ok
test_post227_delta_documents_remain_complete (test_post227_sync.Post227HistoricalRegressionTests.test_post227_delta_documents_remain_complete) ... ok
test_post227_history_is_preserved_after_later_theorem_authority (test_post227_sync.Post227HistoricalRegressionTests.test_post227_history_is_preserved_after_later_theorem_authority) ... ok
test_post227_is_historical_not_current (test_post227_sync.Post227HistoricalRegressionTests.test_post227_is_historical_not_current) ... ok
test_post229_delta_documents_remain_frozen_and_complete (test_post229_sync.Post229HistoricalRegressionTests.test_post229_delta_documents_remain_frozen_and_complete) ... ok
test_post229_history_is_preserved_after_later_theorem_authority (test_post229_sync.Post229HistoricalRegressionTests.test_post229_history_is_preserved_after_later_theorem_authority) ... ok
test_post229_is_historical_not_current (test_post229_sync.Post229HistoricalRegressionTests.test_post229_is_historical_not_current) ... ok
test_later_authority_does_not_mutate_control_semantics (test_post231_sync.Post231SyncTests.test_later_authority_does_not_mutate_control_semantics) ... ok
test_post231_delta_documents_remain_complete (test_post231_sync.Post231SyncTests.test_post231_delta_documents_remain_complete) ... ok
test_post231_route_provenance_is_preserved (test_post231_sync.Post231SyncTests.test_post231_route_provenance_is_preserved) ... ok
test_later_authority_does_not_mutate_control_semantics (test_post233_sync.Post233SyncTests.test_later_authority_does_not_mutate_control_semantics) ... ok
test_post233_delta_documents_remain_complete (test_post233_sync.Post233SyncTests.test_post233_delta_documents_remain_complete) ... ok
test_post233_route_provenance_is_preserved (test_post233_sync.Post233SyncTests.test_post233_route_provenance_is_preserved) ... ok
test_later_authority_does_not_mutate_control_semantics (test_post234_sync.Post234SyncTests.test_later_authority_does_not_mutate_control_semantics) ... ok
test_post234_delta_documents_remain_complete (test_post234_sync.Post234SyncTests.test_post234_delta_documents_remain_complete) ... ok
test_post234_route_provenance_is_preserved (test_post234_sync.Post234SyncTests.test_post234_route_provenance_is_preserved) ... ok
test_current_headings_match_post245 (test_post235_sync.Post235SyncTests.test_current_headings_match_post245) ... ok
test_later_authority_is_post245 (test_post235_sync.Post235SyncTests.test_later_authority_is_post245) ... ok
test_post235_delta_documents_are_complete (test_post235_sync.Post235SyncTests.test_post235_delta_documents_are_complete) ... ok
test_post235_route_provenance_is_preserved (test_post235_sync.Post235SyncTests.test_post235_route_provenance_is_preserved) ... ok
test_current_authority_has_advanced_without_erasing_236 (test_post236_sync.Post236SyncTests.test_current_authority_has_advanced_without_erasing_236) ... ok
test_current_headings_match_post245 (test_post236_sync.Post236SyncTests.test_current_headings_match_post245) ... ok
test_post236_delta_documents_remain_complete (test_post236_sync.Post236SyncTests.test_post236_delta_documents_remain_complete) ... ok
test_post236_route_provenance_is_preserved (test_post236_sync.Post236SyncTests.test_post236_route_provenance_is_preserved) ... ok
test_current_headings_match_post245 (test_post237_sync.Post237SyncTests.test_current_headings_match_post245) ... ok
test_exact_post237_theorem_provenance_is_preserved (test_post237_sync.Post237SyncTests.test_exact_post237_theorem_provenance_is_preserved) ... ok
test_post237_documents_are_complete (test_post237_sync.Post237SyncTests.test_post237_documents_are_complete) ... ok
test_post237_route_and_claim_firewall (test_post237_sync.Post237SyncTests.test_post237_route_and_claim_firewall) ... ok
test_current_headings_match_post245 (test_post242_sync.Post242SyncTests.test_current_headings_match_post245) ... ok
test_post239_post240_post242_route_state_is_preserved (test_post242_sync.Post242SyncTests.test_post239_post240_post242_route_state_is_preserved) ... ok
test_post242_documents_are_complete (test_post242_sync.Post242SyncTests.test_post242_documents_are_complete) ... ok
test_post242_theorem_provenance_survives_later_authority (test_post242_sync.Post242SyncTests.test_post242_theorem_provenance_survives_later_authority) ... ok
test_current_headings_match_post247 (test_post243_sync.Post243SyncTests.test_current_headings_match_post247) ... ok
test_generated_family_gate_is_preserved_as_historical_rh_equivalent (test_post243_sync.Post243SyncTests.test_generated_family_gate_is_preserved_as_historical_rh_equivalent) ... ok
test_post243_documents_are_complete (test_post243_sync.Post243SyncTests.test_post243_documents_are_complete) ... ok
test_post243_theorem_provenance_survives_later_authority (test_post243_sync.Post243SyncTests.test_post243_theorem_provenance_survives_later_authority) ... ok
test_arithmetic_modules_remain_exact_and_firewalled (test_post245_sync.Post245SyncTests.test_arithmetic_modules_remain_exact_and_firewalled) ... ok
test_post245_documents_remain_frozen_complete_history (test_post245_sync.Post245SyncTests.test_post245_documents_remain_frozen_complete_history) ... ok
test_post245_provenance_survives_later_authority (test_post245_sync.Post245SyncTests.test_post245_provenance_survives_later_authority) ... ok
test_exact_post246_files_and_theorems_exist (test_post246_sync.Post246SyncTests.test_exact_post246_files_and_theorems_exist) ... ok
test_medium_pnt_is_not_silently_promoted (test_post246_sync.Post246SyncTests.test_medium_pnt_is_not_silently_promoted) ... ok
test_post246_is_proved_history_not_candidate (test_post246_sync.Post246SyncTests.test_post246_is_proved_history_not_candidate) ... ok
test_audit_only_equivalence_is_not_active_exceptionalzero_root_import (test_post247_sync.Post247SyncTests.test_audit_only_equivalence_is_not_active_exceptionalzero_root_import) ... ok
test_exact_post247_authority (test_post247_sync.Post247SyncTests.test_exact_post247_authority) ... ok
test_glasses_v2_is_current_and_tautological_lanes_are_demoted (test_post247_sync.Post247SyncTests.test_glasses_v2_is_current_and_tautological_lanes_are_demoted) ... ok
test_global_bottom_declarations_are_present (test_post247_sync.Post247SyncTests.test_global_bottom_declarations_are_present) ... ok
test_interpretation_repairs_are_locked (test_post249_sync.Post249SyncTests.test_interpretation_repairs_are_locked) ... ok
test_planted_control_scope_is_explicit (test_post249_sync.Post249SyncTests.test_planted_control_scope_is_explicit) ... ok
test_post249_is_research_evidence_not_theorem_authority (test_post249_sync.Post249SyncTests.test_post249_is_research_evidence_not_theorem_authority) ... ok
test_abab_churn_is_detected (test_regime_monitor.RegimeMonitorTests.test_abab_churn_is_detected) ... ok
test_complexity_ratchet_is_detected (test_regime_monitor.RegimeMonitorTests.test_complexity_ratchet_is_detected) ... ok
test_no_history_is_read_only (test_regime_monitor.RegimeMonitorTests.test_no_history_is_read_only) ... ok
test_aliases_recover_old_vocabulary_without_generic_noise (test_retro.RetroTests.test_aliases_recover_old_vocabulary_without_generic_noise) ... ok
test_archaeology_excludes_unmerged_branch_after_anchor (test_retro.RetroTests.test_archaeology_excludes_unmerged_branch_after_anchor) ... ok
test_archaeology_searches_unmerged_historical_branch (test_retro.RetroTests.test_archaeology_searches_unmerged_historical_branch) ... ok
test_as_of_search_does_not_see_future_commit (test_retro.RetroTests.test_as_of_search_does_not_see_future_commit) ... ok
test_counterfactual_replay_enforces_anchor (test_retro.RetroTests.test_counterfactual_replay_enforces_anchor) ... ok
test_e4a4_actions_use_post184_remainder_orientation_aliases (test_retro.RetroTests.test_e4a4_actions_use_post184_remainder_orientation_aliases) ... ok
test_external_counterfactual_excludes_future_source_and_checks_hash (test_retro.RetroTests.test_external_counterfactual_excludes_future_source_and_checks_hash) ... ok
test_external_counterfactual_requires_manifest (test_retro.RetroTests.test_external_counterfactual_requires_manifest) ... ok
test_git_history_handles_dash_leading_fixed_string_terms (test_retro.RetroTests.test_git_history_handles_dash_leading_fixed_string_terms) ... ok
test_ingest_builds_hash_bound_manifest (test_retro.RetroTests.test_ingest_builds_hash_bound_manifest) ... ok
test_receipt_hash_binds_declared_paths (test_retro.RetroTests.test_receipt_hash_binds_declared_paths) ... ok
test_receipt_hash_is_deterministic (test_retro.RetroTests.test_receipt_hash_is_deterministic) ... ok
test_changed_premise_record_can_cover_route (test_revival.RevivalTests.test_changed_premise_record_can_cover_route) ... ok
test_dead_route_requires_explicit_revival (test_revival.RevivalTests.test_dead_route_requires_explicit_revival) ... ok

----------------------------------------------------------------------
Ran 221 tests in 2.783s

OK
+ /opt/pyvenv/bin/python -m unittest discover -s /mnt/data/rh_audit/snapshot/zeta-23-lean-main/research/RHRC/integration/tests -p test_*.py -v
test_authority_anchors_are_separate (test_integration_foundation.IntegrationFoundationTests.test_authority_anchors_are_separate) ... ok
test_selector_is_exactly_rh_core_theorem_and_lemma (test_integration_foundation.IntegrationFoundationTests.test_selector_is_exactly_rh_core_theorem_and_lemma) ... ok
test_summary_cannot_promote (test_integration_foundation.IntegrationFoundationTests.test_summary_cannot_promote) ... ok
test_visibility_classification_is_fail_closed (test_integration_foundation.IntegrationFoundationTests.test_visibility_classification_is_fail_closed) ... ok

----------------------------------------------------------------------
Ran 4 tests in 0.001s

OK
+ /opt/pyvenv/bin/python /mnt/data/rh_audit/snapshot/zeta-23-lean-main/research/RHRC/integration/integration_lint.py
RHRC INTEGRATION LINT: PASS
+ /opt/pyvenv/bin/python /mnt/data/rh_audit/snapshot/zeta-23-lean-main/research/RHRC/countermodels/check_post155_riesz_pointwise_sign.py
post-155 exact Riesz pointwise-sign regression: PASS
even: g^9(0) / [2(2pi)^8] = 576
even: g^9(1/4) / [2(2pi)^8] = -1024/3 - 16*pi
odd:  g^7(0) / [2(2pi)^6] = -144
odd:  g^7(1/4) / [2(2pi)^6] = 256/3 + 4*pi
RH remains OPEN
+ /opt/pyvenv/bin/python /mnt/data/rh_audit/snapshot/zeta-23-lean-main/research/RHRC/routes/R002_multi_probe/compare_r002_ccm_probe_families.py
D0-R R002/CCM probe-family falsifier
hard closed-form max residual : 3.331e-16
hard quadrature max residual  : 3.219e-09
smooth-taper max residual     : 3.400e-01
CLASSIFICATION: SPECIALIZATION_ONLY
Interpretation: qBasis matches the hard-window character correlation; the generic smooth R002 taper does not share that exact entry formula.
Additional obligations remain: the R002 carrier T, dynamic dimension d(T), finite-window Az versus global Gz, and current lambda<=1 validity.
